{"logTime": "1008/172648", "correlationVector":"45rTUd/t/CfDOdvqTubHuX.1","action":"SyncServerConnectionManagerRequest", "result":"SYNC_SERVER_OK", "context":{"environment":"Prod_southindia_prod-s01-004-apac-southindia", "migrationStage":"NotStarted", "server":"akswtt1070000ds"}}
{"logTime": "1008/172648", "correlationVector":"45rTUd/t/CfDOdvqTubHuX.2","action":"ProcessGetUpdates", "result":"Done", "context":{"dataType":"Encryption Keys", "deleted":"0", "process_failed_to_decrypt":"0", "process_pending_decryption":"0", "process_success":"1", "total":"1"}}
{"logTime": "1008/172649", "correlationVector":"1ZWU9LOX89BOK34wj7xA9w","action":"SyncServerConnectionManagerRequest", "result":"SYNC_SERVER_OK", "context":{"environment":"", "migrationStage":"", "server":""}}
{"logTime": "1008/172649", "correlationVector":"1ZWU9LOX89BOK34wj7xA9w.0","action":"EncryptionKeysFetcher.DownloadKeys:", "result":"Success", "context":Key count: 1, Last key timestamp: 2026-04-12T11:37:12Z}
{"logTime": "1008/172649", "correlationVector":"1ZWU9LOX89BOK34wj7xA9w.1","action":"EncryptionKeysManager::SetEncryptionKeys:", "result":"Success", "context":Key names[1]:[MOf84m71ejVMTRqHXU0YBJgTOdoBIGsSBkVc69KQvgRV9mmFOU4JDCE+mqIy1mtPyXbM3i7WaC3Ih7KybXPPqw==]}
{"logTime": "1008/172649", "correlationVector":"1ZWU9LOX89BOK34wj7xA9w.2","action":"EncryptionKeysManager::SetEncryptionKeysWithTimestamps:", "result":"Success", "context":Key timestamps[1]:[2026-04-12T11:37:12Z]}
{"logTime": "1008/172649", "correlationVector":"45rTUd/t/CfDOdvqTubHuX","action":"Initial GetUpdates", "result":"", "context":Reason: NEW_CLIENT. cV=45rTUd/t/CfDOdvqTubHuX}
{"logTime": "1008/172649", "correlationVector":"45rTUd/t/CfDOdvqTubHuX.3","action":"GetUpdates Response", "result":"Success", "context":Received 1 update(s). cV=45rTUd/t/CfDOdvqTubHuX.0;server=akswtt1070000ds;cloudType=Consumer;environment=Prod_southindia_prod-s01-004-apac-southindia;migrationStage=NotStarted}
{"logTime": "1008/172649", "correlationVector":"wNPN9CqqJm1x5vst9Iv87E","action":"Initial GetUpdates", "result":"", "context":Reason: NEWLY_SUPPORTED_DATATYPE. cV=wNPN9CqqJm1x5vst9Iv87E}
{"logTime": "1008/172650", "correlationVector":"wNPN9CqqJm1x5vst9Iv87E.1","action":"SyncServerConnectionManagerRequest", "result":"SYNC_SERVER_OK", "context":{"environment":"Prod_southindia_prod-s01-004-apac-southindia", "migrationStage":"NotStarted", "server":"akswtt10700004x"}}
{"logTime": "1008/172650", "correlationVector":"wNPN9CqqJm1x5vst9Iv87E.2","action":"ProcessGetUpdates", "result":"Done", "context":{"dataType":"Passwords", "deleted":"0", "process_failed_to_decrypt":"0", "process_pending_decryption":"0", "process_success":"8", "total":"8"}}
{"logTime": "1008/172650", "correlationVector":"wNPN9CqqJm1x5vst9Iv87E.3","action":"ProcessGetUpdates", "result":"Done", "context":{"dataType":"Device Info", "deleted":"0", "process_failed_to_decrypt":"0", "process_pending_decryption":"0", "process_success":"8", "total":"8"}}
{"logTime": "1008/172650", "correlationVector":"wNPN9CqqJm1x5vst9Iv87E.4","action":"GetUpdates Response", "result":"Success", "context":Received 16 update(s). cV=wNPN9CqqJm1x5vst9Iv87E.0;server=akswtt10700004x;cloudType=Consumer;environment=Prod_southindia_prod-s01-004-apac-southindia;migrationStage=NotStarted}
{"logTime": "1008/172650", "correlationVector":"0oG0zmwcy65mIpXSqbOuqx","action":"Initial GetUpdates", "result":"", "context":Reason: NEWLY_SUPPORTED_DATATYPE. cV=0oG0zmwcy65mIpXSqbOuqx}
{"logTime": "1008/172652", "correlationVector":"0oG0zmwcy65mIpXSqbOuqx.1","action":"SyncServerConnectionManagerRequest", "result":"SYNC_SERVER_OK", "context":{"environment":"Prod_southindia_prod-s01-004-apac-southindia", "migrationStage":"NotStarted", "server":"akswtt10700004e"}}
{"logTime": "1008/172652", "correlationVector":"0oG0zmwcy65mIpXSqbOuqx.2","action":"ProcessGetUpdates", "result":"Done", "context":{"dataType":"Bookmarks", "deleted":"0", "process_failed_to_decrypt":"0", "process_pending_decryption":"0", "process_success":"6", "total":"6"}}
{"logTime": "1008/172652", "correlationVector":"0oG0zmwcy65mIpXSqbOuqx.3","action":"ProcessGetUpdates", "result":"Done", "context":{"dataType":"Preferences", "deleted":"0", "process_failed_to_decrypt":"0", "process_pending_decryption":"0", "process_success":"39", "total":"39"}}
{"logTime": "1008/172652", "correlationVector":"0oG0zmwcy65mIpXSqbOuqx.4","action":"ProcessGetUpdates", "result":"Done", "context":{"dataType":"Autofill", "deleted":"0", "process_failed_to_decrypt":"0", "process_pending_decryption":"0", "process_success":"51", "total":"51"}}
{"logTime": "1008/172652", "correlationVector":"0oG0zmwcy65mIpXSqbOuqx.5","action":"ProcessGetUpdates", "result":"Done", "context":{"dataType":"Sessions", "deleted":"151", "process_failed_to_decrypt":"0", "process_pending_decryption":"0", "process_success":"151", "total":"151"}}
{"logTime": "1008/172652", "correlationVector":"0oG0zmwcy65mIpXSqbOuqx.6","action":"ProcessGetUpdates", "result":"Done", "context":{"dataType":"Web Apps", "deleted":"0", "process_failed_to_decrypt":"0", "process_pending_decryption":"0", "process_success":"1", "total":"1"}}
{"logTime": "1008/172652", "correlationVector":"0oG0zmwcy65mIpXSqbOuqx.7","action":"ProcessGetUpdates", "result":"Done", "context":{"dataType":"Edge Hub App Usage", "deleted":"0", "process_failed_to_decrypt":"0", "process_pending_decryption":"0", "process_success":"2", "total":"2"}}
{"logTime": "1008/172652", "correlationVector":"0oG0zmwcy65mIpXSqbOuqx.8","action":"GetUpdates Response", "result":"Success", "context":Received 250 update(s). cV=0oG0zmwcy65mIpXSqbOuqx.0;server=akswtt10700004e;cloudType=Consumer;environment=Prod_southindia_prod-s01-004-apac-southindia;migrationStage=NotStarted Some updates remain.}
{"logTime": "1008/172652", "correlationVector":"KrHgwRin8Y38OMCGViLIuN","action":"Initial GetUpdates", "result":"", "context":Reason: NEWLY_SUPPORTED_DATATYPE. cV=KrHgwRin8Y38OMCGViLIuN}
{"logTime": "1008/172653", "correlationVector":"KrHgwRin8Y38OMCGViLIuN.1","action":"SyncServerConnectionManagerRequest", "result":"SYNC_SERVER_OK", "context":{"environment":"Prod_southindia_prod-s01-004-apac-southindia", "migrationStage":"NotStarted", "server":"akswtt1070000c5"}}
{"logTime": "1008/172653", "correlationVector":"KrHgwRin8Y38OMCGViLIuN.2","action":"ProcessGetUpdates", "result":"Done", "context":{"dataType":"Autofill", "deleted":"0", "process_failed_to_decrypt":"0", "process_pending_decryption":"0", "process_success":"31", "total":"31"}}
{"logTime": "1008/172653", "correlationVector":"KrHgwRin8Y38OMCGViLIuN.3","action":"ProcessGetUpdates", "result":"Done", "context":{"dataType":"Sessions", "deleted":"218", "process_failed_to_decrypt":"0", "process_pending_decryption":"0", "process_success":"218", "total":"218"}}
{"logTime": "1008/172653", "correlationVector":"KrHgwRin8Y38OMCGViLIuN.4","action":"ProcessGetUpdates", "result":"Done", "context":{"dataType":"Edge Hub App Usage", "deleted":"1", "process_failed_to_decrypt":"0", "process_pending_decryption":"0", "process_success":"1", "total":"1"}}
{"logTime": "1008/172653", "correlationVector":"KrHgwRin8Y38OMCGViLIuN.5","action":"GetUpdates Response", "result":"Success", "context":Received 250 update(s). cV=KrHgwRin8Y38OMCGViLIuN.0;server=akswtt1070000c5;cloudType=Consumer;environment=Prod_southindia_prod-s01-004-apac-southindia;migrationStage=NotStarted Some updates remain.}
{"logTime": "1008/172653", "correlationVector":"f36PHmgoBHiRG1tJj0qLW5","action":"Initial GetUpdates", "result":"", "context":Reason: NEWLY_SUPPORTED_DATATYPE. cV=f36PHmgoBHiRG1tJj0qLW5}
{"logTime": "1008/172654", "correlationVector":"f36PHmgoBHiRG1tJj0qLW5.1","action":"SyncServerConnectionManagerRequest", "result":"SYNC_SERVER_OK", "context":{"environment":"Prod_southindia_prod-s01-004-apac-southindia", "migrationStage":"NotStarted", "server":"akswtt1070000dp"}}
{"logTime": "1008/172654", "correlationVector":"f36PHmgoBHiRG1tJj0qLW5.2","action":"ProcessGetUpdates", "result":"Done", "context":{"dataType":"Preferences", "deleted":"0", "process_failed_to_decrypt":"0", "process_pending_decryption":"0", "process_success":"8", "total":"8"}}
{"logTime": "1008/172654", "correlationVector":"f36PHmgoBHiRG1tJj0qLW5.3","action":"ProcessGetUpdates", "result":"Done", "context":{"dataType":"Autofill Profiles", "deleted":"0", "process_failed_to_decrypt":"0", "process_pending_decryption":"0", "process_success":"1", "total":"1"}}
{"logTime": "1008/172654", "correlationVector":"f36PHmgoBHiRG1tJj0qLW5.4","action":"ProcessGetUpdates", "result":"Done", "context":{"dataType":"Autofill", "deleted":"0", "process_failed_to_decrypt":"0", "process_pending_decryption":"0", "process_success":"2", "total":"2"}}
{"logTime": "1008/172654", "correlationVector":"f36PHmgoBHiRG1tJj0qLW5.5","action":"ProcessGetUpdates", "result":"Done", "context":{"dataType":"Extensions", "deleted":"0", "process_failed_to_decrypt":"0", "process_pending_decryption":"0", "process_success":"1", "total":"1"}}
{"logTime": "1008/172654", "correlationVector":"f36PHmgoBHiRG1tJj0qLW5.6","action":"ProcessGetUpdates", "result":"Done", "context":{"dataType":"Sessions", "deleted":"38", "process_failed_to_decrypt":"0", "process_pending_decryption":"0", "process_success":"45", "total":"45"}}
{"logTime": "1008/172654", "correlationVector":"f36PHmgoBHiRG1tJj0qLW5.7","action":"ProcessGetUpdates", "result":"Done", "context":{"dataType":"Edge Hub App Usage", "deleted":"1", "process_failed_to_decrypt":"0", "process_pending_decryption":"0", "process_success":"2", "total":"2"}}
{"logTime": "1008/172654", "correlationVector":"f36PHmgoBHiRG1tJj0qLW5.8","action":"GetUpdates Response", "result":"Success", "context":Received 59 update(s). cV=f36PHmgoBHiRG1tJj0qLW5.0;server=akswtt1070000dp;cloudType=Consumer;environment=Prod_southindia_prod-s01-004-apac-southindia;migrationStage=NotStarted}
{"logTime": "1008/172654", "correlationVector":"cK3kdf8/ZeUIocUHgubhcp","action":"Initial GetUpdates", "result":"", "context":Reason: NEWLY_SUPPORTED_DATATYPE. cV=cK3kdf8/ZeUIocUHgubhcp}
{"logTime": "1008/172656", "correlationVector":"cK3kdf8/ZeUIocUHgubhcp.1","action":"SyncServerConnectionManagerRequest", "result":"SYNC_SERVER_OK", "context":{"environment":"Prod_southindia_prod-s01-004-apac-southindia", "migrationStage":"NotStarted", "server":"akswtt10700004e"}}
{"logTime": "1008/172656", "correlationVector":"cK3kdf8/ZeUIocUHgubhcp.2","action":"ProcessGetUpdates", "result":"Done", "context":{"dataType":"History", "deleted":"0", "process_failed_to_decrypt":"0", "process_pending_decryption":"0", "process_success":"250", "total":"250"}}
{"logTime": "1008/172656", "correlationVector":"cK3kdf8/ZeUIocUHgubhcp.3","action":"GetUpdates Response", "result":"Success", "context":Received 250 update(s). cV=cK3kdf8/ZeUIocUHgubhcp.0;server=akswtt10700004e;cloudType=Consumer;environment=Prod_southindia_prod-s01-004-apac-southindia;migrationStage=NotStarted Some updates remain.}
{"logTime": "1008/172656", "correlationVector":"daxJxw5Ta6AbP29+KcqrVr","action":"Initial GetUpdates", "result":"", "context":Reason: NEWLY_SUPPORTED_DATATYPE. cV=daxJxw5Ta6AbP29+KcqrVr}
{"logTime": "1008/172658", "correlationVector":"daxJxw5Ta6AbP29+KcqrVr.1","action":"SyncServerConnectionManagerRequest", "result":"SYNC_SERVER_OK", "context":{"environment":"Prod_southindia_prod-s01-004-apac-southindia", "migrationStage":"NotStarted", "server":"akswtt1070000cu"}}
{"logTime": "1008/172658", "correlationVector":"daxJxw5Ta6AbP29+KcqrVr.2","action":"ProcessGetUpdates", "result":"Done", "context":{"dataType":"History", "deleted":"0", "process_failed_to_decrypt":"0", "process_pending_decryption":"0", "process_success":"250", "total":"250"}}
{"logTime": "1008/172658", "correlationVector":"daxJxw5Ta6AbP29+KcqrVr.3","action":"GetUpdates Response", "result":"Success", "context":Received 250 update(s). cV=daxJxw5Ta6AbP29+KcqrVr.0;server=akswtt1070000cu;cloudType=Consumer;environment=Prod_southindia_prod-s01-004-apac-southindia;migrationStage=NotStarted Some updates remain.}
{"logTime": "1008/172658", "correlationVector":"MwPEf54VYGe1QRFcDfi4gx","action":"Initial GetUpdates", "result":"", "context":Reason: NEWLY_SUPPORTED_DATATYPE. cV=MwPEf54VYGe1QRFcDfi4gx}
{"logTime": "1008/172700", "correlationVector":"MwPEf54VYGe1QRFcDfi4gx.1","action":"SyncServerConnectionManagerRequest", "result":"SYNC_SERVER_OK", "context":{"environment":"Prod_southindia_prod-s01-004-apac-southindia", "migrationStage":"NotStarted", "server":"akswtt1070000cu"}}
{"logTime": "1008/172700", "correlationVector":"MwPEf54VYGe1QRFcDfi4gx.2","action":"ProcessGetUpdates", "result":"Done", "context":{"dataType":"History", "deleted":"0", "process_failed_to_decrypt":"0", "process_pending_decryption":"0", "process_success":"250", "total":"250"}}
{"logTime": "1008/172700", "correlationVector":"MwPEf54VYGe1QRFcDfi4gx.3","action":"GetUpdates Response", "result":"Success", "context":Received 250 update(s). cV=MwPEf54VYGe1QRFcDfi4gx.0;server=akswtt1070000cu;cloudType=Consumer;environment=Prod_southindia_prod-s01-004-apac-southindia;migrationStage=NotStarted Some updates remain.}
{"logTime": "1008/172700", "correlationVector":"1GGs17VJB/nS4+n7wMdmcD","action":"Initial GetUpdates", "result":"", "context":Reason: NEWLY_SUPPORTED_DATATYPE. cV=1GGs17VJB/nS4+n7wMdmcD}
{"logTime": "1008/172701", "correlationVector":"1GGs17VJB/nS4+n7wMdmcD.1","action":"SyncServerConnectionManagerRequest", "result":"SYNC_SERVER_OK", "context":{"environment":"Prod_southindia_prod-s01-004-apac-southindia", "migrationStage":"NotStarted", "server":"akswtt1070000dl"}}
{"logTime": "1008/172701", "correlationVector":"1GGs17VJB/nS4+n7wMdmcD.2","action":"ProcessGetUpdates", "result":"Done", "context":{"dataType":"History", "deleted":"0", "process_failed_to_decrypt":"0", "process_pending_decryption":"0", "process_success":"250", "total":"250"}}
{"logTime": "1008/172701", "correlationVector":"1GGs17VJB/nS4+n7wMdmcD.3","action":"GetUpdates Response", "result":"Success", "context":Received 250 update(s). cV=1GGs17VJB/nS4+n7wMdmcD.0;server=akswtt1070000dl;cloudType=Consumer;environment=Prod_southindia_prod-s01-004-apac-southindia;migrationStage=NotStarted Some updates remain.}
{"logTime": "1008/172701", "correlationVector":"5MtxMXIb7RB1JaaFXEykQs","action":"Initial GetUpdates", "result":"", "context":Reason: NEWLY_SUPPORTED_DATATYPE. cV=5MtxMXIb7RB1JaaFXEykQs}
{"logTime": "1008/172703", "correlationVector":"5MtxMXIb7RB1JaaFXEykQs.1","action":"SyncServerConnectionManagerRequest", "result":"SYNC_SERVER_OK", "context":{"environment":"Prod_southindia_prod-s01-004-apac-southindia", "migrationStage":"NotStarted", "server":"akswtt1070000dp"}}
{"logTime": "1008/172703", "correlationVector":"5MtxMXIb7RB1JaaFXEykQs.2","action":"ProcessGetUpdates", "result":"Done", "context":{"dataType":"History", "deleted":"0", "process_failed_to_decrypt":"0", "process_pending_decryption":"0", "process_success":"250", "total":"250"}}
{"logTime": "1008/172703", "correlationVector":"5MtxMXIb7RB1JaaFXEykQs.3","action":"GetUpdates Response", "result":"Success", "context":Received 250 update(s). cV=5MtxMXIb7RB1JaaFXEykQs.0;server=akswtt1070000dp;cloudType=Consumer;environment=Prod_southindia_prod-s01-004-apac-southindia;migrationStage=NotStarted Some updates remain.}
{"logTime": "1008/172703", "correlationVector":"45rP4yiF+yqk5D2ysnoHOJ","action":"Initial GetUpdates", "result":"", "context":Reason: NEWLY_SUPPORTED_DATATYPE. cV=45rP4yiF+yqk5D2ysnoHOJ}
{"logTime": "1008/172704", "correlationVector":"45rP4yiF+yqk5D2ysnoHOJ.1","action":"SyncServerConnectionManagerRequest", "result":"SYNC_SERVER_OK", "context":{"environment":"Prod_southindia_prod-s01-004-apac-southindia", "migrationStage":"NotStarted", "server":"akswtt10700005o"}}
{"logTime": "1008/172704", "correlationVector":"45rP4yiF+yqk5D2ysnoHOJ.2","action":"ProcessGetUpdates", "result":"Done", "context":{"dataType":"History", "deleted":"0", "process_failed_to_decrypt":"0", "process_pending_decryption":"0", "process_success":"2", "total":"2"}}
{"logTime": "1008/172704", "correlationVector":"45rP4yiF+yqk5D2ysnoHOJ.3","action":"GetUpdates Response", "result":"Success", "context":Received 2 update(s). cV=45rP4yiF+yqk5D2ysnoHOJ.0;server=akswtt10700005o;cloudType=Consumer;environment=Prod_southindia_prod-s01-004-apac-southindia;migrationStage=NotStarted}
{"logTime": "1008/172704", "correlationVector":"lCoVACut6FSFkw+qdi8a8e","action":"Normal GetUpdate request", "result":"", "context":cV=lCoVACut6FSFkw+qdi8a8e
Nudged types: Sessions, Device Info, User Consents, History
Refresh requested types: Bookmarks, Preferences, Passwords, Autofill Profiles, Autofill, Extensions, Sessions, Extension settings, History Delete Directives, Device Info, User Consents, Send Tab To Self, Web Apps, History, Saved Tab Group, WebAuthn Credentials, Edge Hub App Usage, Edge Workspace, Encryption Keys}
{"logTime": "1008/172705", "correlationVector":"lCoVACut6FSFkw+qdi8a8e.1","action":"SyncServerConnectionManagerRequest", "result":"SYNC_SERVER_OK", "context":{"environment":"Prod_southindia_prod-s01-004-apac-southindia", "migrationStage":"NotStarted", "server":"akswtt10700004e"}}
{"logTime": "1008/172705", "correlationVector":"lCoVACut6FSFkw+qdi8a8e.2","action":"GetUpdates Response", "result":"Success", "context":Received 0 update(s). cV=lCoVACut6FSFkw+qdi8a8e.0;server=akswtt10700004e;cloudType=Consumer;environment=Prod_southindia_prod-s01-004-apac-southindia;migrationStage=NotStarted}
{"logTime": "1008/172705", "correlationVector":"Q/CcZ2yzpJUqm87/Sw754r","action":"Commit Request", "result":"", "context":Item count: 5
Contributing types: Sessions, Device Info, User Consents, History}
{"logTime": "1008/172708", "correlationVector":"Q/CcZ2yzpJUqm87/Sw754r.1","action":"SyncServerConnectionManagerRequest", "result":"SYNC_SERVER_OK", "context":{"environment":"Prod_southindia_prod-s01-004-apac-southindia", "migrationStage":"NotStarted", "server":"akswtt1070000cb"}}
{"logTime": "1008/172708", "correlationVector":"Q/CcZ2yzpJUqm87/Sw754r.2","action":"Commit Response", "result":"Success", "context":Result: Success. cV=Q/CcZ2yzpJUqm87/Sw754r.0;server=akswtt1070000cb;cloudType=Consumer;environment=Prod_southindia_prod-s01-004-apac-southindia;migrationStage=NotStarted}
